// Jest Snapshot v1, https://goo.gl/fbAQLP

exports[`Pruebas en <useCounter/> debe mostrase correctamente 1`] = `<useCounter />`;
